---
source: crates/sui-prover/tests/integration.rs
expression: output
---
exiting with bytecode transformation errors
error: Pure functions with mutable references are not supported
   ┌─ tests/inputs/pure_functions/pure_rules.fail.move:16:5
   │  
16 │ ╭     public fun invalid_mut_ref(v: &mut vector<u64>): u64 {
17 │ │         vector::length(v)
18 │ │     }
   │ ╰─────^
