---
source: crates/sui-prover/tests/integration.rs
assertion_line: 141
expression: output
---
Verification successful
warning: Consider moving clone!(...) macro calls before function call
   ┌─ tests/inputs/spec_well_formed/spec_well_formed_old_order.warn.move:15:1
   │  
15 │ ╭ fun bar_spec(ctx: &mut TxContext) {
16 │ │   let old_ctx = clone!(ctx);
17 │ │   bar(ctx);
18 │ │   let old_ctx_2 = clone!(ctx);
19 │ │   ensures(true);
20 │ │   let old_ctx_3 = clone!(ctx);
21 │ │ }
   │ ╰─^
