---
source: crates/sui-prover/tests/integration.rs
expression: output
---
exiting with verification errors
error: prover::ensures does not hold
   ┌─ tests/inputs/dynamic_field/remove.fail.0.move:20:5
   │
20 │     ensures(dynamic_field::exists_with_type<u64, u8>(&x.id, 10));
   │     ^^^^^^^^^^^^^^^^^^^^^^^^^^^^^^^^^^^^^^^^^^^^^^^^^^^^^^^^^^^^
   │
   =     at tests/inputs/dynamic_field/remove.fail.0.move:16: foo_spec
