---
source: crates/sui-prover/tests/integration.rs
expression: output
---
Verification successful
warning: unused variable
   ┌─ tests/inputs/vec_map/ghost_map.move:21:13
   │
21 │     let mut value = self.get_value(key);
   │             ^^^^^ Unused local variable 'value'. Consider removing or prefixing with an underscore: '_value'
   │
   = This warning can be suppressed with '#[allow(unused_variable)]' applied to the 'module' or module member ('const', 'fun', or 'struct')

warning: unused struct field
   ┌─ tests/inputs/vec_map/ghost_map.move:14:5
   │
14 │     value: u64,
   │     ^^^^^ The 'value' field of the 'Value' type is unused
   │
   = This warning can be suppressed with '#[allow(unused_field)]' applied to the 'module' or module member ('const', 'fun', or 'struct')

warning: unused struct field
   ┌─ tests/inputs/vec_map/ghost_map.move:15:5
   │
15 │     complex: VecMap<u32, VecMap<u32, vector<u32>>>,
   │     ^^^^^^^ The 'complex' field of the 'Value' type is unused
   │
   = This warning can be suppressed with '#[allow(unused_field)]' applied to the 'module' or module member ('const', 'fun', or 'struct')

warning: unused 'mut' modifiers
   ┌─ tests/inputs/vec_map/ghost_map.move:21:13
   │
21 │     let mut value = self.get_value(key);
   │         --- ^^^^^ The variable 'value' is never used mutably
   │         │    
   │         Consider removing the 'mut' declaration here
   │
   = This warning can be suppressed with '#[allow(unused_let_mut)]' applied to the 'module' or module member ('const', 'fun', or 'struct')
