---
source: crates/sui-prover/tests/integration.rs
expression: output
---
exiting with verification errors
error: prover::ensures does not hold
   ┌─ tests/inputs/quantifiers/find_find_index_range.fail.move:36:5
   │
36 │     ensures(*option::borrow(&idx) == 0); // FAIL: should be 2
   │     ^^^^^^^^^^^^^^^^^^^^^^^^^^^^^^^^^^^
   │
   =     at tests/inputs/quantifiers/find_find_index_range.fail.move:31: test_find_index_range_wrong_index

error: prover::ensures does not hold
   ┌─ tests/inputs/quantifiers/find_find_index_range.fail.move:26:5
   │
26 │     ensures(option::is_none(result)); // FAIL: should be some
   │     ^^^^^^^^^^^^^^^^^^^^^^^^^^^^^^^^
   │
   =     at tests/inputs/quantifiers/find_find_index_range.fail.move:22: test_find_range_wrong_value
