---
source: crates/sui-prover/tests/integration.rs
expression: output
---
exiting with bytecode transformation errors
error: Invalid quantifier macro pattern: expected a lambda function, but found an inlined expression
   ┌─ tests/inputs/quantifiers/not_function_param.fail.move:12:1
   │  
12 │ ╭ fun test_spec() {
13 │ │     let v = vector[10, 20, 10, 30];
14 │ │     ensures(map!<u64, u64>(&v, |x| *x + 10) == vector[20, 30, 20, 40]);
15 │ │ }
   │ ╰─^
