---
source: crates/sui-prover/tests/integration.rs
expression: output
---
exiting with verification errors
error: prover::ensures does not hold
   ┌─ tests/inputs/sum_slice_range/slice.fail.move:12:5
   │
12 │     ensures(vector::length(slice1) == 2);
   │     ^^^^^^^^^^^^^^^^^^^^^^^^^^^^^^^^^^^^
   │
   =     at tests/inputs/sum_slice_range/slice.fail.move:8: test_slice
